STRING, hello, 1
STRING, hello, 4
INT_NUM, 123, 6
DEC_NUM, 123., 7
DEC_NUM, 123.123, 8
TRUE, true, 10
FALSE, false, 11
ID, foo, 13
ID, ifs, 14
ID, elseif, 15
ID, whilee, 16
ID, funcy, 17
ID, fun, 18
INT_NUM, 123, 20
ID, abc, 20
ID, _abc, 21
ID, abc_abc, 22
ID, abc123abc, 23
ID, abc123, 24
END_OF_FILE, END_OF_FILE, 25