EQUAL, =, 1
OPERATOR_GT, >, 2
OPERATOR_LT, <, 3
OPERATOR_GEQ, >=, 4
OPERATOR_LEQ, <=, 5
OPERATOR_MINUS, -, 6
OPERATOR_PLUS, +, 7
OPERATOR_MULT, *, 8
OPERATOR_DIV, /, 9
RIGHTARROW, ->, 10
LBRACE, {, 11
RBRACE, }, 12
LPAREN, (, 13
RPAREN, ), 14
OPERATOR_IS, is, 15
RETURN, return, 16
OPERATOR_AND, and, 17
OPERATOR_OR, or, 18
OPERATOR_NOT, not, 19
OPERATOR_XCL, !, 20
FUNC, func, 21
INT, int, 22
DEC, dec, 23
BOOL, bool, 24
STR, str, 25
VOID, void, 26
ELSE, else, 27
ELSIF, elsif, 28
IF, if, 29
WHILE, while, 30
TRUE, true, 31
FALSE, false, 32
SEMICOLON, ;, 33
COMMA, ,, 34
OPERATOR_XOR, xor, 35
END_OF_FILE, END_OF_FILE, 36