FUNC, func, 3
ID, main, 3
LPAREN, (, 3
RPAREN, ), 3
LBRACE, {, 4
INT, int, 5
ID, z, 5
EQUAL, =, 5
ID, input, 5
LPAREN, (, 5
STRING, Enter a number: , 5
RPAREN, ), 5
SEMICOLON, ;, 5
STR, str, 6
ID, res, 6
EQUAL, =, 6
ID, fizz_buzz, 6
LPAREN, (, 6
INT_NUM, 15, 6
RPAREN, ), 6
SEMICOLON, ;, 6
RETURN, return, 8
SEMICOLON, ;, 8
RBRACE, }, 9
FUNC, func, 12
ID, fizz_buzz, 12
LPAREN, (, 12
INT, int, 12
ID, x, 12
RPAREN, ), 12
RIGHTARROW, ->, 12
VOID, void, 12
LBRACE, {, 13
STR, str, 14
ID, result, 14
EQUAL, =, 14
STRING, , 14
SEMICOLON, ;, 14
IF, if, 16
LPAREN, (, 16
ID, x, 16
OPERATOR_DIV, /, 16
INT_NUM, 15, 16
OPERATOR_IS, is, 16
INT_NUM, 0, 16
RPAREN, ), 16
LBRACE, {, 16
ID, result, 17
EQUAL, =, 17
STRING, fizzbuzz, 17
SEMICOLON, ;, 17
RBRACE, }, 18
ELSIF, elsif, 19
LPAREN, (, 19
ID, x, 19
OPERATOR_DIV, /, 19
INT_NUM, 5, 19
OPERATOR_IS, is, 19
INT_NUM, 0, 19
RPAREN, ), 19
LBRACE, {, 19
ID, result, 20
EQUAL, =, 20
STRING, fizz, 20
SEMICOLON, ;, 20
RBRACE, }, 21
ELSE, else, 22
LBRACE, {, 22
RBRACE, }, 24
RETURN, return, 26
ID, result, 26
SEMICOLON, ;, 26
RBRACE, }, 27
END_OF_FILE, END_OF_FILE, 28