EQUAL, =, 1
OPERATOR_GT, >, 1
OPERATOR_LT, <, 1
OPERATOR_GEQ, >=, 1
OPERATOR_LEQ, <=, 1
OPERATOR_MINUS, -, 1
OPERATOR_PLUS, +, 1
OPERATOR_MULT, *, 1
OPERATOR_DIV, /, 1
RIGHTARROW, ->, 1
LBRACE, {, 1
RBRACE, }, 1
LPAREN, (, 1
RPAREN, ), 1
OPERATOR_IS, is, 1
RETURN, return, 1
OPERATOR_AND, and, 1
OPERATOR_OR, or, 1
OPERATOR_NOT, not, 1
OPERATOR_XCL, !, 1
FUNC, func, 1
INT, int, 1
DEC, dec, 1
BOOL, bool, 1
STR, str, 1
VOID, void, 1
ELSE, else, 1
ELSIF, elsif, 1
IF, if, 1
WHILE, while, 1
TRUE, true, 1
FALSE, false, 1
SEMICOLON, ;, 1
COMMA, ,, 1
END_OF_FILE, END_OF_FILE, 2