EQUAL, =, 1
OPERATOR, >, 1
OPERATOR, <, 1
OPERATOR, >=, 1
OPERATOR, <=, 1
OPERATOR, -, 1
OPERATOR, +, 1
OPERATOR, *, 1
OPERATOR, /, 1
RIGHTARROW, ->, 1
LBRACE, {, 1
RBRACE, }, 1
LPAREN, (, 1
RPAREN, ), 1
OPERATOR, is, 1
RETURN, return, 1
OPERATOR, and, 1
OPERATOR, or, 1
OPERATOR, not, 1
OPERATOR, !, 1
FUNC, func, 1
INT, int, 1
DEC, dec, 1
BOOL, bool, 1
STR, str, 1
VOID, void, 1
ELSE, else, 1
ELSIF, elsif, 1
IF, if, 1
WHILE, while, 1
TRUE, true, 1
FALSE, false, 1
SEMICOLON, ;, 1
COMMA, ,, 1
END_OF_FILE, END_OF_FILE, 1